
> app-domicilio@0.1.0 build
> next build

Ôû▓ Next.js 16.1.7 (Turbopack)
- Environments: .env.local

node.exe : ÔÜá The 
"middleware" file convention 
is deprecated. Please use 
"proxy" instead. Learn more: 
https://nextjs.org/docs/messa
ges/middleware-to-proxy
En línea: 1 Carácter: 1
+ & "C:\Program 
Files\nodejs/node.exe" 
"C:\Program 
Files\nodejs/node_mo ...
+ ~~~~~~~~~~~~~~~~~~~~~~~~~~~
~~~~~~~~~~~~~~~~~~~~~~~~~~~~~
~~~~~~~~~~~~~
    + CategoryInfo           
   : NotSpecified: (ÔÜá The  
   "middle...leware-to-pro   
 xy:String) [], RemoteExc    
eption
    + FullyQualifiedErrorId  
   : NativeCommandError
 
  Creating an optimized production build ...

> Build error occurred
Error: Turbopack build 
failed with 1 errors:
./src/app/admin/orders/page.t
sx:246:10
Ecmascript file had an error
[0m [90m 244 |[39m }
 [90m 245 |[39m
[31m[1m>[22m[39m[90m 
246 |[39m 
[36mfunction[39m 
[33mXCircle[39m({ 
className }[33m:[39m { 
className[33m:[39m string 
}) {
 [90m     |[39m          [
31m[1m^[22m[39m[31m[1m^
[22m[39m[31m[1m^[22m[39m
[31m[1m^[22m[39m[31m[1m
^[22m[39m[31m[1m^[22m[3
9m[31m[1m^[22m[39m
 [90m 247 |[39m   
[36mreturn[39m (
 [90m 248 |[39m     
[33m<[39m[33msvg[39m xmln
s[33m=[39m[32m"http://www.
w3.org/2000/svg"[39m width[
33m=[39m[32m"24"[39m heigh
t[33m=[39m[32m"24"[39m 
viewBox[33m=[39m[32m"0 0 
24 24"[39m fill[33m=[39m[
32m"none"[39m stroke[33m=[
39m[32m"currentColor"[39m s
trokeWidth[33m=[39m[32m"2"
[39m strokeLinecap[33m=[39
m[32m"round"[39m strokeLine
join[33m=[39m[32m"round"[
39m className[33m=[39m{clas
sName}[33m>[39m[33m<[39m
[33mcircle[39m 
cx[33m=[39m[32m"12"[39m 
cy[33m=[39m[32m"12"[39m r
[33m=[39m[32m"10"[39m[35
m/><path d="m15 9-6 6"/[39m
[33m>[39m[33m<[39m[33mpat
h[39m d[33m=[39m[32m"m9 
9 6 6"[39m[33m/[39m[33m>
[39m[33m<[39m[33m/[39m[3
3msvg[39m[33m>[39m
 [90m 249 |[39m   )[0m

the name `XCircle` is 
defined multiple times

Import traces:
  Client Component Browser:
    ./src/app/admin/orders/pa
ge.tsx [Client Component 
Browser]
    ./src/app/admin/orders/pa
ge.tsx [Server Component]

  Client Component SSR:
    ./src/app/admin/orders/pa
ge.tsx [Client Component SSR]
    ./src/app/admin/orders/pa
ge.tsx [Server Component]


    at <unknown> (./src/app/a
dmin/orders/page.tsx:246:10)
